// Jest Snapshot v1, https://goo.gl/fbAQLP

exports[`should be render 1`] = `
<hr
  className="a-divider undefined"
/>
`;

exports[`should be render with custom class 1`] = `
<hr
  className="a-divider test"
/>
`;
