// Jest Snapshot v1, https://goo.gl/fbAQLP

exports[`should render a button 1`] = `
<button
  className="a-btn undefined"
  type="button"
/>
`;
